exports[`SecureContainer render authen screen 1`] = `[Function]`;
